2025-09-21 09:42:10,899 - INFO - 🌐 Démarrage du service native host SyncMark MULTI-NAVIGATEURS
2025-09-21 09:42:10,900 - INFO - Démarrage du native host...
2025-09-21 09:42:10,911 - INFO - Native host démarré avec PID: 18872
2025-09-21 10:01:02,527 - INFO - Arrêt du service par l'utilisateur
2025-09-21 10:01:02,528 - INFO - Arrêt du service...
2025-09-21 10:01:02,539 - INFO - Service arrêté
2025-09-21 10:52:32,199 - INFO - 🌐 Démarrage du service native host SyncMark MULTI-NAVIGATEURS
2025-09-21 10:52:32,200 - INFO - Démarrage du native host...
2025-09-21 10:52:32,216 - INFO - Native host démarré avec PID: 16000
2025-09-21 10:52:37,218 - WARNING - Native host arrêté, redémarrage... (1/5)
2025-09-21 10:52:37,219 - INFO - Démarrage du native host...
2025-09-21 10:52:37,230 - INFO - Native host démarré avec PID: 21060
2025-09-21 10:52:39,232 - WARNING - Native host arrêté, redémarrage... (2/5)
2025-09-21 10:52:39,239 - INFO - Démarrage du native host...
2025-09-21 10:52:39,252 - INFO - Native host démarré avec PID: 30116
2025-09-21 10:52:41,256 - WARNING - Native host arrêté, redémarrage... (3/5)
2025-09-21 10:52:41,257 - INFO - Démarrage du native host...
2025-09-21 10:52:41,263 - INFO - Native host démarré avec PID: 24208
2025-09-21 10:52:43,264 - WARNING - Native host arrêté, redémarrage... (4/5)
2025-09-21 10:52:43,265 - INFO - Démarrage du native host...
2025-09-21 10:52:43,274 - INFO - Native host démarré avec PID: 26940
2025-09-21 10:52:45,275 - WARNING - Native host arrêté, redémarrage... (5/5)
2025-09-21 10:52:45,276 - INFO - Démarrage du native host...
2025-09-21 10:52:45,286 - INFO - Native host démarré avec PID: 2780
2025-09-21 10:52:47,287 - ERROR - Trop de redémarrages, arrêt du service
2025-09-21 11:30:49,010 - INFO - 🌐 Démarrage du service native host SyncMark MULTI-NAVIGATEURS
2025-09-21 11:30:49,011 - INFO - Démarrage du native host...
2025-09-21 11:30:49,022 - INFO - Native host démarré avec PID: 28148
2025-09-21 11:30:54,025 - WARNING - Native host arrêté, redémarrage... (1/5)
2025-09-21 11:30:54,025 - INFO - Démarrage du native host...
2025-09-21 11:30:54,060 - INFO - Native host démarré avec PID: 7484
2025-09-21 11:30:56,064 - WARNING - Native host arrêté, redémarrage... (2/5)
2025-09-21 11:30:56,069 - INFO - Démarrage du native host...
2025-09-21 11:30:56,096 - INFO - Native host démarré avec PID: 25716
2025-09-21 11:30:58,098 - WARNING - Native host arrêté, redémarrage... (3/5)
2025-09-21 11:30:58,099 - INFO - Démarrage du native host...
2025-09-21 11:30:58,106 - INFO - Native host démarré avec PID: 33684
2025-09-21 11:31:00,107 - WARNING - Native host arrêté, redémarrage... (4/5)
2025-09-21 11:31:00,108 - INFO - Démarrage du native host...
2025-09-21 11:31:00,115 - INFO - Native host démarré avec PID: 20512
2025-09-21 11:31:02,116 - WARNING - Native host arrêté, redémarrage... (5/5)
2025-09-21 11:31:02,116 - INFO - Démarrage du native host...
2025-09-21 11:31:02,123 - INFO - Native host démarré avec PID: 19132
2025-09-21 11:31:04,124 - ERROR - Trop de redémarrages, arrêt du service
2025-09-21 11:33:34,322 - INFO - 🌐 Démarrage du service native host SyncMark MULTI-NAVIGATEURS
2025-09-21 11:33:34,323 - INFO - Démarrage du native host...
2025-09-21 11:33:34,387 - INFO - Native host démarré avec PID: 29632
2025-09-21 11:33:39,389 - WARNING - Native host arrêté, redémarrage... (1/5)
2025-09-21 11:33:39,389 - INFO - Démarrage du native host...
2025-09-21 11:33:39,441 - INFO - Native host démarré avec PID: 28108
2025-09-21 11:33:41,442 - WARNING - Native host arrêté, redémarrage... (2/5)
2025-09-21 11:33:41,443 - INFO - Démarrage du native host...
2025-09-21 11:33:41,482 - INFO - Native host démarré avec PID: 32976
2025-09-21 11:33:43,483 - WARNING - Native host arrêté, redémarrage... (3/5)
2025-09-21 11:33:43,484 - INFO - Démarrage du native host...
2025-09-21 11:33:43,525 - INFO - Native host démarré avec PID: 18860
2025-09-21 11:33:45,526 - WARNING - Native host arrêté, redémarrage... (4/5)
2025-09-21 11:33:45,527 - INFO - Démarrage du native host...
2025-09-21 11:33:45,571 - INFO - Native host démarré avec PID: 33172
2025-09-21 11:33:47,572 - WARNING - Native host arrêté, redémarrage... (5/5)
2025-09-21 11:33:47,573 - INFO - Démarrage du native host...
2025-09-21 11:33:47,617 - INFO - Native host démarré avec PID: 18592
2025-09-21 11:33:49,617 - ERROR - Trop de redémarrages, arrêt du service
2025-09-21 11:34:10,126 - INFO - Arrêt du service par l'utilisateur
2025-09-21 11:34:10,126 - INFO - Arrêt du service...
2025-09-21 11:34:10,127 - INFO - Service arrêté
2025-09-21 11:35:25,802 - INFO - Arrêt du service par l'utilisateur
2025-09-21 11:35:25,803 - INFO - Arrêt du service...
2025-09-21 11:35:25,803 - INFO - Service arrêté
2025-09-21 11:35:32,307 - INFO - 🌐 Démarrage du service native host SyncMark MULTI-NAVIGATEURS
2025-09-21 11:35:32,308 - INFO - Démarrage du native host...
2025-09-21 11:35:32,370 - INFO - Native host démarré avec PID: 30148
2025-09-21 11:35:37,372 - WARNING - Native host arrêté, redémarrage... (1/5)
2025-09-21 11:35:37,372 - INFO - Démarrage du native host...
2025-09-21 11:35:37,413 - INFO - Native host démarré avec PID: 32788
2025-09-21 11:35:39,414 - WARNING - Native host arrêté, redémarrage... (2/5)
2025-09-21 11:35:39,414 - INFO - Démarrage du native host...
2025-09-21 11:35:39,468 - INFO - Native host démarré avec PID: 8048
2025-09-21 11:35:41,469 - WARNING - Native host arrêté, redémarrage... (3/5)
2025-09-21 11:35:41,470 - INFO - Démarrage du native host...
2025-09-21 11:35:41,509 - INFO - Native host démarré avec PID: 33664
2025-09-21 11:35:43,510 - WARNING - Native host arrêté, redémarrage... (4/5)
2025-09-21 11:35:43,511 - INFO - Démarrage du native host...
2025-09-21 11:35:43,554 - INFO - Native host démarré avec PID: 30688
2025-09-21 11:35:45,555 - WARNING - Native host arrêté, redémarrage... (5/5)
2025-09-21 11:35:45,556 - INFO - Démarrage du native host...
2025-09-21 11:35:45,597 - INFO - Native host démarré avec PID: 1248
2025-09-21 11:35:47,598 - ERROR - Trop de redémarrages, arrêt du service
2025-09-21 11:36:06,194 - INFO - Arrêt du service par l'utilisateur
2025-09-21 11:36:06,194 - INFO - Arrêt du service...
2025-09-21 11:36:06,195 - INFO - Service arrêté
2025-09-21 11:37:16,348 - INFO - 🌐 Démarrage du service native host SyncMark MULTI-NAVIGATEURS
2025-09-21 11:37:16,349 - INFO - Démarrage du native host...
2025-09-21 11:37:16,419 - INFO - Native host démarré avec PID: 32088
2025-09-21 11:37:21,421 - WARNING - Native host arrêté, redémarrage... (1/5)
2025-09-21 11:37:21,421 - INFO - Démarrage du native host...
2025-09-21 11:37:21,461 - INFO - Native host démarré avec PID: 29444
2025-09-21 11:37:23,461 - WARNING - Native host arrêté, redémarrage... (2/5)
2025-09-21 11:37:23,462 - INFO - Démarrage du native host...
2025-09-21 11:37:23,503 - INFO - Native host démarré avec PID: 12224
2025-09-21 11:37:25,504 - WARNING - Native host arrêté, redémarrage... (3/5)
2025-09-21 11:37:25,504 - INFO - Démarrage du native host...
2025-09-21 11:37:25,546 - INFO - Native host démarré avec PID: 29492
2025-09-21 11:37:27,547 - WARNING - Native host arrêté, redémarrage... (4/5)
2025-09-21 11:37:27,547 - INFO - Démarrage du native host...
2025-09-21 11:37:27,590 - INFO - Native host démarré avec PID: 27656
2025-09-21 11:37:29,591 - WARNING - Native host arrêté, redémarrage... (5/5)
2025-09-21 11:37:29,592 - INFO - Démarrage du native host...
2025-09-21 11:37:29,631 - INFO - Native host démarré avec PID: 6356
2025-09-21 11:37:31,631 - ERROR - Trop de redémarrages, arrêt du service
2025-09-21 11:38:56,244 - INFO - Arrêt du service par l'utilisateur
2025-09-21 11:38:56,245 - INFO - Arrêt du service...
2025-09-21 11:38:56,245 - INFO - Service arrêté
